<?xml version="1.0"?>
<link_info>
   <banner>TMS320C6x Linker PC v7.4.4</banner>
   <copyright>Copyright (c) 1996-2013 Texas Instruments Incorporated</copyright>
   <link_time>0x5b171475</link_time>
   <output_file>vpif_lcd_loopback.out</output_file>
   <entry_point>
      <name>_c_int00</name>
      <address>0xc0326c00</address>
   </entry_point>
   <input_file_list>
      <input_file id="fl-2">
         <path>.\</path>
         <kind>object</kind>
         <file>vpif_lcd_loopback.obj</file>
         <name>vpif_lcd_loopback.obj</name>
      </input_file>
      <input_file id="fl-3">
         <path>.\</path>
         <kind>object</kind>
         <file>tvp5147.obj</file>
         <name>tvp5147.obj</name>
      </input_file>
      <input_file id="fl-4">
         <path>.\</path>
         <kind>object</kind>
         <file>i2cgpio.obj</file>
         <name>i2cgpio.obj</name>
      </input_file>
      <input_file id="fl-5">
         <path>.\</path>
         <kind>object</kind>
         <file>codecif.obj</file>
         <name>codecif.obj</name>
      </input_file>
      <input_file id="fl-6">
         <path>.\</path>
         <kind>object</kind>
         <file>cdce913.obj</file>
         <name>cdce913.obj</name>
      </input_file>
      <input_file id="fl-7">
         <path>.\</path>
         <kind>object</kind>
         <file>cbcr422sp_to_rgb565_dsp.obj</file>
         <name>cbcr422sp_to_rgb565_dsp.obj</name>
      </input_file>
      <input_file id="fl-8">
         <path>.\</path>
         <kind>object</kind>
         <file>adv7343.obj</file>
         <name>adv7343.obj</name>
      </input_file>
      <input_file id="fl-87">
         <path>C:\ti\ccsv5\tools\compiler\c6000_7.4.4\lib\</path>
         <kind>archive</kind>
         <file>rts6740_elf.lib</file>
         <name>boot.obj</name>
      </input_file>
      <input_file id="fl-88">
         <path>C:\ti\ccsv5\tools\compiler\c6000_7.4.4\lib\</path>
         <kind>archive</kind>
         <file>rts6740_elf.lib</file>
         <name>copy_decompress_none.obj</name>
      </input_file>
      <input_file id="fl-89">
         <path>C:\ti\ccsv5\tools\compiler\c6000_7.4.4\lib\</path>
         <kind>archive</kind>
         <file>rts6740_elf.lib</file>
         <name>copy_decompress_rle.obj</name>
      </input_file>
      <input_file id="fl-8a">
         <path>C:\ti\ccsv5\tools\compiler\c6000_7.4.4\lib\</path>
         <kind>archive</kind>
         <file>rts6740_elf.lib</file>
         <name>copy_zero_init.obj</name>
      </input_file>
      <input_file id="fl-8b">
         <path>C:\ti\ccsv5\tools\compiler\c6000_7.4.4\lib\</path>
         <kind>archive</kind>
         <file>rts6740_elf.lib</file>
         <name>divd.obj</name>
      </input_file>
      <input_file id="fl-8c">
         <path>C:\ti\ccsv5\tools\compiler\c6000_7.4.4\lib\</path>
         <kind>archive</kind>
         <file>rts6740_elf.lib</file>
         <name>divf.obj</name>
      </input_file>
      <input_file id="fl-8d">
         <path>C:\ti\ccsv5\tools\compiler\c6000_7.4.4\lib\</path>
         <kind>archive</kind>
         <file>rts6740_elf.lib</file>
         <name>divi.obj</name>
      </input_file>
      <input_file id="fl-8e">
         <path>C:\ti\ccsv5\tools\compiler\c6000_7.4.4\lib\</path>
         <kind>archive</kind>
         <file>rts6740_elf.lib</file>
         <name>exit.obj</name>
      </input_file>
      <input_file id="fl-8f">
         <path>C:\ti\ccsv5\tools\compiler\c6000_7.4.4\lib\</path>
         <kind>archive</kind>
         <file>rts6740_elf.lib</file>
         <name>exp.obj</name>
      </input_file>
      <input_file id="fl-90">
         <path>C:\ti\ccsv5\tools\compiler\c6000_7.4.4\lib\</path>
         <kind>archive</kind>
         <file>rts6740_elf.lib</file>
         <name>frcmpyd_div.obj</name>
      </input_file>
      <input_file id="fl-91">
         <path>C:\ti\ccsv5\tools\compiler\c6000_7.4.4\lib\</path>
         <kind>archive</kind>
         <file>rts6740_elf.lib</file>
         <name>ldexp.obj</name>
      </input_file>
      <input_file id="fl-92">
         <path>C:\ti\ccsv5\tools\compiler\c6000_7.4.4\lib\</path>
         <kind>archive</kind>
         <file>rts6740_elf.lib</file>
         <name>llshift.obj</name>
      </input_file>
      <input_file id="fl-93">
         <path>C:\ti\ccsv5\tools\compiler\c6000_7.4.4\lib\</path>
         <kind>archive</kind>
         <file>rts6740_elf.lib</file>
         <name>memcpy64.obj</name>
      </input_file>
      <input_file id="fl-94">
         <path>C:\ti\ccsv5\tools\compiler\c6000_7.4.4\lib\</path>
         <kind>archive</kind>
         <file>rts6740_elf.lib</file>
         <name>memory.obj</name>
      </input_file>
      <input_file id="fl-95">
         <path>C:\ti\ccsv5\tools\compiler\c6000_7.4.4\lib\</path>
         <kind>archive</kind>
         <file>rts6740_elf.lib</file>
         <name>remi.obj</name>
      </input_file>
      <input_file id="fl-96">
         <path>C:\ti\ccsv5\tools\compiler\c6000_7.4.4\lib\</path>
         <kind>archive</kind>
         <file>rts6740_elf.lib</file>
         <name>remu.obj</name>
      </input_file>
      <input_file id="fl-97">
         <path>C:\ti\ccsv5\tools\compiler\c6000_7.4.4\lib\</path>
         <kind>archive</kind>
         <file>rts6740_elf.lib</file>
         <name>trunc.obj</name>
      </input_file>
      <input_file id="fl-98">
         <path>C:\ti\ccsv5\tools\compiler\c6000_7.4.4\lib\</path>
         <kind>archive</kind>
         <file>rts6740_elf.lib</file>
         <name>_lock.obj</name>
      </input_file>
      <input_file id="fl-99">
         <path>C:\ti\ccsv5\tools\compiler\c6000_7.4.4\lib\</path>
         <kind>archive</kind>
         <file>rts6740_elf.lib</file>
         <name>args_main.obj</name>
      </input_file>
      <input_file id="fl-9a">
         <path>C:\ti\ccsv5\tools\compiler\c6000_7.4.4\lib\</path>
         <kind>archive</kind>
         <file>rts6740_elf.lib</file>
         <name>autoinit.obj</name>
      </input_file>
      <input_file id="fl-9b">
         <path>C:\ti\ccsv5\tools\compiler\c6000_7.4.4\lib\</path>
         <kind>archive</kind>
         <file>rts6740_elf.lib</file>
         <name>cpp_init.obj</name>
      </input_file>
      <input_file id="fl-9c">
         <path>C:\ti\ccsv5\tools\compiler\c6000_7.4.4\lib\</path>
         <kind>archive</kind>
         <file>rts6740_elf.lib</file>
         <name>cpy_tbl.obj</name>
      </input_file>
      <input_file id="fl-9d">
         <path>C:\ti\ccsv5\tools\compiler\c6000_7.4.4\lib\</path>
         <kind>archive</kind>
         <file>rts6740_elf.lib</file>
         <name>errno.obj</name>
      </input_file>
      <input_file id="fl-9e">
         <path>C:\ti\ccsv5\tools\compiler\c6000_7.4.4\lib\</path>
         <kind>archive</kind>
         <file>rts6740_elf.lib</file>
         <name>modf.obj</name>
      </input_file>
      <input_file id="fl-9f">
         <path>C:\ti\ccsv5\tools\compiler\c6000_7.4.4\lib\</path>
         <kind>archive</kind>
         <file>rts6740_elf.lib</file>
         <name>tls.obj</name>
      </input_file>
      <input_file id="fl-a0">
         <path>C:\ti\ccsv5\tools\compiler\c6000_7.4.4\lib\</path>
         <kind>archive</kind>
         <file>rts6740_elf.lib</file>
         <name>tls_get_tp.obj</name>
      </input_file>
      <input_file id="fl-a1">
         <path>..\..\..\..\..\..\..\binary\c674x\cgt_ccs\c6748\drivers\Debug\</path>
         <kind>archive</kind>
         <file>drivers.lib</file>
         <name>vpif.obj</name>
      </input_file>
      <input_file id="fl-a2">
         <path>..\..\..\..\..\..\..\binary\c674x\cgt_ccs\c6748\drivers\Debug\</path>
         <kind>archive</kind>
         <file>drivers.lib</file>
         <name>raster.obj</name>
      </input_file>
      <input_file id="fl-a3">
         <path>..\..\..\..\..\..\..\binary\c674x\cgt_ccs\c6748\drivers\Debug\</path>
         <kind>archive</kind>
         <file>drivers.lib</file>
         <name>psc.obj</name>
      </input_file>
      <input_file id="fl-a4">
         <path>..\..\..\..\..\..\..\binary\c674x\cgt_ccs\c6748\drivers\Debug\</path>
         <kind>archive</kind>
         <file>drivers.lib</file>
         <name>i2c.obj</name>
      </input_file>
      <input_file id="fl-a5">
         <path>..\..\..\..\..\..\..\binary\c674x\cgt_ccs\c6748\lcdkC6748\platform\Debug\</path>
         <kind>archive</kind>
         <file>platform.lib</file>
         <name>vpif.obj</name>
      </input_file>
      <input_file id="fl-a6">
         <path>..\..\..\..\..\..\..\binary\c674x\cgt_ccs\c6748\lcdkC6748\platform\Debug\</path>
         <kind>archive</kind>
         <file>platform.lib</file>
         <name>lcd.obj</name>
      </input_file>
      <input_file id="fl-a7">
         <path>..\..\..\..\..\..\..\binary\c674x\cgt_ccs\c6748\lcdkC6748\platform\Debug\</path>
         <kind>archive</kind>
         <file>platform.lib</file>
         <name>i2c.obj</name>
      </input_file>
      <input_file id="fl-a8">
         <path>..\..\..\..\..\..\..\binary\c674x\cgt_ccs\c6748\system_config\Debug\</path>
         <kind>archive</kind>
         <file>system_config.lib</file>
         <name>interrupt.obj</name>
      </input_file>
      <input_file id="fl-a9">
         <path>..\..\..\..\..\..\..\binary\c674x\cgt_ccs\c6748\system_config\Debug\</path>
         <kind>archive</kind>
         <file>system_config.lib</file>
         <name>cache.obj</name>
      </input_file>
      <input_file id="fl-aa">
         <path>..\..\..\..\..\..\..\binary\c674x\cgt_ccs\c6748\system_config\Debug\</path>
         <kind>archive</kind>
         <file>system_config.lib</file>
         <name>intvecs.obj</name>
      </input_file>
      <input_file id="fl-ab">
         <path>C:\ti\ccsv5\tools\compiler\c6000_7.4.4\lib\</path>
         <kind>archive</kind>
         <file>rts6740_elf.lib</file>
         <name>divu.obj</name>
      </input_file>
      <input_file id="fl-ac">
         <path>..\..\..\..\..\..\..\binary\c674x\cgt_ccs\c6748\drivers\Debug\</path>
         <kind>archive</kind>
         <file>drivers.lib</file>
         <name>gpio.obj</name>
      </input_file>
   </input_file_list>
   <object_component_list>
      <object_component id="oc-2ab">
         <name>.cinit..fardata.load</name>
         <load_address>0xc03bcc80</load_address>
         <run_address>0xc03bcc80</run_address>
         <size>0x4bc</size>
      </object_component>
      <object_component id="oc-2a7">
         <name>.cinit..neardata.load</name>
         <load_address>0xc03bd13c</load_address>
         <run_address>0xc03bd13c</run_address>
         <size>0x34</size>
      </object_component>
      <object_component id="oc-2a8">
         <name>.cinit..rodata.load</name>
         <load_address>0xc03bd170</load_address>
         <run_address>0xc03bd170</run_address>
         <size>0xe</size>
      </object_component>
      <object_component id="oc-2aa">
         <name>.cinit..far.load</name>
         <load_address>0xc03bd180</load_address>
         <run_address>0xc03bd180</run_address>
         <size>0xd</size>
      </object_component>
      <object_component id="oc-2a5">
         <name>__TI_handler_table</name>
         <load_address>0xc03bd190</load_address>
         <run_address>0xc03bd190</run_address>
         <size>0xc</size>
      </object_component>
      <object_component id="oc-2ac">
         <name>.cinit..EXT_RAM.load</name>
         <load_address>0xc03bd19c</load_address>
         <run_address>0xc03bd19c</run_address>
         <size>0x8</size>
      </object_component>
      <object_component id="oc-2a9">
         <name>.cinit..bss.load</name>
         <load_address>0xc03bd1a4</load_address>
         <run_address>0xc03bd1a4</run_address>
         <size>0x8</size>
      </object_component>
      <object_component id="oc-2a6">
         <name>__TI_cinit_table</name>
         <load_address>0xc03bd1ac</load_address>
         <run_address>0xc03bd1ac</run_address>
         <size>0x30</size>
      </object_component>
      <object_component id="oc-123">
         <name>.const:ccCoeff</name>
         <load_address>0xc03268e0</load_address>
         <run_address>0xc03268e0</run_address>
         <size>0xa</size>
         <input_file_ref idref="fl-2"/>
      </object_component>
      <object_component id="oc-157">
         <name>.switch:updateDisplayScore</name>
         <load_address>0xc0319bc0</load_address>
         <run_address>0xc0319bc0</run_address>
         <size>0x28</size>
         <input_file_ref idref="fl-2"/>
      </object_component>
      <object_component id="oc-270">
         <name>.switch:GPIOIntTypeSet</name>
         <load_address>0xc0319be8</load_address>
         <run_address>0xc0319be8</run_address>
         <size>0x10</size>
         <input_file_ref idref="fl-ac"/>
      </object_component>
      <object_component id="oc-e0">
         <name>.text</name>
         <load_address>0xc0319c00</load_address>
         <run_address>0xc0319c00</run_address>
         <size>0x1d40</size>
         <input_file_ref idref="fl-a1"/>
      </object_component>
      <object_component id="oc-2e">
         <name>.text:retain</name>
         <load_address>0xc031b940</load_address>
         <run_address>0xc031b940</run_address>
         <size>0x1a40</size>
         <input_file_ref idref="fl-a8"/>
      </object_component>
      <object_component id="oc-75">
         <name>.text</name>
         <load_address>0xc031d380</load_address>
         <run_address>0xc031d380</run_address>
         <size>0x1860</size>
         <input_file_ref idref="fl-2"/>
      </object_component>
      <object_component id="oc-ee">
         <name>.text:intrinsic</name>
         <load_address>0xc031ebe0</load_address>
         <run_address>0xc031ebe0</run_address>
         <size>0x1280</size>
         <input_file_ref idref="fl-7"/>
      </object_component>
      <object_component id="oc-e7">
         <name>.text</name>
         <load_address>0xc031fe60</load_address>
         <run_address>0xc031fe60</run_address>
         <size>0xde0</size>
         <input_file_ref idref="fl-a2"/>
      </object_component>
      <object_component id="oc-10e">
         <name>.text</name>
         <load_address>0xc0320c40</load_address>
         <run_address>0xc0320c40</run_address>
         <size>0x5e0</size>
         <input_file_ref idref="fl-a8"/>
      </object_component>
      <object_component id="oc-103">
         <name>.text:__c6xabi_divd</name>
         <load_address>0xc0321220</load_address>
         <run_address>0xc0321220</run_address>
         <size>0x5a0</size>
         <input_file_ref idref="fl-8b"/>
      </object_component>
      <object_component id="oc-1d7">
         <name>.text</name>
         <load_address>0xc03217c0</load_address>
         <run_address>0xc03217c0</run_address>
         <size>0x580</size>
         <input_file_ref idref="fl-ac"/>
      </object_component>
      <object_component id="oc-19f">
         <name>.text</name>
         <load_address>0xc0321d40</load_address>
         <run_address>0xc0321d40</run_address>
         <size>0x4c0</size>
         <input_file_ref idref="fl-a4"/>
      </object_component>
      <object_component id="oc-cf">
         <name>.text</name>
         <load_address>0xc0322200</load_address>
         <run_address>0xc0322200</run_address>
         <size>0x460</size>
         <input_file_ref idref="fl-5"/>
      </object_component>
      <object_component id="oc-ba">
         <name>.text</name>
         <load_address>0xc0322660</load_address>
         <run_address>0xc0322660</run_address>
         <size>0x420</size>
         <input_file_ref idref="fl-a9"/>
      </object_component>
      <object_component id="oc-fb">
         <name>.text:__c6xabi_divf</name>
         <load_address>0xc0322a80</load_address>
         <run_address>0xc0322a80</run_address>
         <size>0x280</size>
         <input_file_ref idref="fl-8c"/>
      </object_component>
      <object_component id="oc-ff">
         <name>.text:exp</name>
         <load_address>0xc0322d00</load_address>
         <run_address>0xc0322d00</run_address>
         <size>0x240</size>
         <input_file_ref idref="fl-8f"/>
      </object_component>
      <object_component id="oc-107">
         <name>.text</name>
         <load_address>0xc0322f40</load_address>
         <run_address>0xc0322f40</run_address>
         <size>0x240</size>
         <input_file_ref idref="fl-a6"/>
      </object_component>
      <object_component id="oc-d4">
         <name>.text</name>
         <load_address>0xc0323180</load_address>
         <run_address>0xc0323180</run_address>
         <size>0x1a0</size>
         <input_file_ref idref="fl-3"/>
      </object_component>
      <object_component id="oc-f3">
         <name>.text:__divi</name>
         <load_address>0xc0323320</load_address>
         <run_address>0xc0323320</run_address>
         <size>0xe0</size>
         <input_file_ref idref="fl-8d"/>
      </object_component>
      <object_component id="oc-18">
         <name>.text</name>
         <load_address>0xc0323400</load_address>
         <run_address>0xc0323400</run_address>
         <size>0x200</size>
         <input_file_ref idref="fl-aa"/>
      </object_component>
      <object_component id="oc-52">
         <name>.text:__TI_decompress_rle_core</name>
         <load_address>0xc0323600</load_address>
         <run_address>0xc0323600</run_address>
         <size>0x180</size>
         <input_file_ref idref="fl-89"/>
      </object_component>
      <object_component id="oc-1c7">
         <name>.text:ldexp</name>
         <load_address>0xc0323780</load_address>
         <run_address>0xc0323780</run_address>
         <size>0x180</size>
         <input_file_ref idref="fl-91"/>
      </object_component>
      <object_component id="oc-b2">
         <name>.text:malloc</name>
         <load_address>0xc0323900</load_address>
         <run_address>0xc0323900</run_address>
         <size>0x180</size>
         <input_file_ref idref="fl-94"/>
      </object_component>
      <object_component id="oc-c1">
         <name>.text</name>
         <load_address>0xc0323a80</load_address>
         <run_address>0xc0323a80</run_address>
         <size>0x140</size>
         <input_file_ref idref="fl-a3"/>
      </object_component>
      <object_component id="oc-35">
         <name>.text:_auto_init_elf</name>
         <load_address>0xc0323bc0</load_address>
         <run_address>0xc0323bc0</run_address>
         <size>0x100</size>
         <input_file_ref idref="fl-9a"/>
      </object_component>
      <object_component id="oc-68">
         <name>.text:copy_in</name>
         <load_address>0xc0323cc0</load_address>
         <run_address>0xc0323cc0</run_address>
         <size>0x100</size>
         <input_file_ref idref="fl-9c"/>
      </object_component>
      <object_component id="oc-d9">
         <name>.text</name>
         <load_address>0xc0323dc0</load_address>
         <run_address>0xc0323dc0</run_address>
         <size>0x100</size>
         <input_file_ref idref="fl-a5"/>
      </object_component>
      <object_component id="oc-22">
         <name>.text:decompress:ZI:__TI_zero_init</name>
         <load_address>0xc0323ec0</load_address>
         <run_address>0xc0323ec0</run_address>
         <size>0xe0</size>
         <input_file_ref idref="fl-8a"/>
      </object_component>
      <object_component id="oc-1b1">
         <name>.text:__divu</name>
         <load_address>0xc0323fa0</load_address>
         <run_address>0xc0323fa0</run_address>
         <size>0xc0</size>
         <input_file_ref idref="fl-ab"/>
      </object_component>
      <object_component id="oc-f7">
         <name>.text:__remi</name>
         <load_address>0xc0324060</load_address>
         <run_address>0xc0324060</run_address>
         <size>0xc0</size>
         <input_file_ref idref="fl-95"/>
      </object_component>
      <object_component id="oc-3d">
         <name>.text:exit</name>
         <load_address>0xc0324120</load_address>
         <run_address>0xc0324120</run_address>
         <size>0xc0</size>
         <input_file_ref idref="fl-8e"/>
      </object_component>
      <object_component id="oc-6c">
         <name>.text:tls:init:__TI_tls_init</name>
         <load_address>0xc03241e0</load_address>
         <run_address>0xc03241e0</run_address>
         <size>0xc0</size>
         <input_file_ref idref="fl-9f"/>
      </object_component>
      <object_component id="oc-b6">
         <name>.text:__remu</name>
         <load_address>0xc03242a0</load_address>
         <run_address>0xc03242a0</run_address>
         <size>0xa0</size>
         <input_file_ref idref="fl-96"/>
      </object_component>
      <object_component id="oc-17e">
         <name>.text:_minit</name>
         <load_address>0xc0324340</load_address>
         <run_address>0xc0324340</run_address>
         <size>0xa0</size>
         <input_file_ref idref="fl-94"/>
      </object_component>
      <object_component id="oc-42">
         <name>.text:memcpy</name>
         <load_address>0xc03243e0</load_address>
         <run_address>0xc03243e0</run_address>
         <size>0xa0</size>
         <input_file_ref idref="fl-93"/>
      </object_component>
      <object_component id="oc-186">
         <name>.text:minsert</name>
         <load_address>0xc0324480</load_address>
         <run_address>0xc0324480</run_address>
         <size>0xa0</size>
         <input_file_ref idref="fl-94"/>
      </object_component>
      <object_component id="oc-259">
         <name>.text:modf</name>
         <load_address>0xc0324520</load_address>
         <run_address>0xc0324520</run_address>
         <size>0xa0</size>
         <input_file_ref idref="fl-9e"/>
      </object_component>
      <object_component id="oc-182">
         <name>.text:mremove</name>
         <load_address>0xc03245c0</load_address>
         <run_address>0xc03245c0</run_address>
         <size>0xa0</size>
         <input_file_ref idref="fl-94"/>
      </object_component>
      <object_component id="oc-c8">
         <name>.text</name>
         <load_address>0xc0324660</load_address>
         <run_address>0xc0324660</run_address>
         <size>0xa0</size>
         <input_file_ref idref="fl-a7"/>
      </object_component>
      <object_component id="oc-70">
         <name>.text:__TI_cpp_init</name>
         <load_address>0xc0324700</load_address>
         <run_address>0xc0324700</run_address>
         <size>0x60</size>
         <input_file_ref idref="fl-9b"/>
      </object_component>
      <object_component id="oc-1d2">
         <name>.text:__c6xabi_frcmpyd_div</name>
         <load_address>0xc0324760</load_address>
         <run_address>0xc0324760</run_address>
         <size>0x40</size>
         <input_file_ref idref="fl-90"/>
      </object_component>
      <object_component id="oc-1ce">
         <name>.text:__c6xabi_llshru</name>
         <load_address>0xc03247a0</load_address>
         <run_address>0xc03247a0</run_address>
         <size>0x40</size>
         <input_file_ref idref="fl-92"/>
      </object_component>
      <object_component id="oc-39">
         <name>.text:_args_main</name>
         <load_address>0xc03247e0</load_address>
         <run_address>0xc03247e0</run_address>
         <size>0x40</size>
         <input_file_ref idref="fl-99"/>
      </object_component>
      <object_component id="oc-1bf">
         <name>.text:__c6xabi_errno_addr</name>
         <load_address>0xc0324820</load_address>
         <run_address>0xc0324820</run_address>
         <size>0x20</size>
         <input_file_ref idref="fl-9d"/>
      </object_component>
      <object_component id="oc-1c3">
         <name>.text:__c6xabi_trunc</name>
         <load_address>0xc0324840</load_address>
         <run_address>0xc0324840</run_address>
         <size>0x20</size>
         <input_file_ref idref="fl-97"/>
      </object_component>
      <object_component id="oc-231">
         <name>.text:_nop</name>
         <load_address>0xc0324860</load_address>
         <run_address>0xc0324860</run_address>
         <size>0x20</size>
         <input_file_ref idref="fl-98"/>
      </object_component>
      <object_component id="oc-82">
         <name>.text:abort</name>
         <load_address>0xc0324880</load_address>
         <run_address>0xc0324880</run_address>
         <size>0x20</size>
         <input_file_ref idref="fl-8e"/>
      </object_component>
      <object_component id="oc-1e">
         <name>.text:decompress:none:__TI_decompress_none</name>
         <load_address>0xc03248a0</load_address>
         <run_address>0xc03248a0</run_address>
         <size>0x20</size>
         <input_file_ref idref="fl-88"/>
      </object_component>
      <object_component id="oc-26">
         <name>.text:decompress:rle24:__TI_decompress_rle24</name>
         <load_address>0xc03248c0</load_address>
         <run_address>0xc03248c0</run_address>
         <size>0x20</size>
         <input_file_ref idref="fl-89"/>
      </object_component>
      <object_component id="oc-14">
         <name>.text:_c_int00</name>
         <load_address>0xc0326c00</load_address>
         <run_address>0xc0326c00</run_address>
         <size>0x80</size>
         <input_file_ref idref="fl-87"/>
      </object_component>
      <object_component id="oc-11f">
         <name>.neardata</name>
         <load_address>0xc0319b0c</load_address>
         <run_address>0xc0319b0c</run_address>
         <size>0x40</size>
         <input_file_ref idref="fl-2"/>
      </object_component>
      <object_component id="oc-1b8">
         <name>.neardata</name>
         <load_address>0xc0319b4c</load_address>
         <run_address>0xc0319b4c</run_address>
         <size>0x14</size>
         <input_file_ref idref="fl-7"/>
      </object_component>
      <object_component id="oc-199">
         <name>.neardata</name>
         <load_address>0xc0319b60</load_address>
         <run_address>0xc0319b60</run_address>
         <size>0x8</size>
         <input_file_ref idref="fl-5"/>
      </object_component>
      <object_component id="oc-121">
         <name>.rodata</name>
         <load_address>0xc0319b68</load_address>
         <run_address>0xc0319b68</run_address>
         <size>0x8</size>
         <input_file_ref idref="fl-2"/>
      </object_component>
      <object_component id="oc-11d">
         <name>.bss</name>
         <uninitialized>true</uninitialized>
         <run_address>0xc0319b70</run_address>
         <size>0x4c</size>
         <input_file_ref idref="fl-2"/>
      </object_component>
      <object_component id="oc-19b">
         <name>.bss</name>
         <uninitialized>true</uninitialized>
         <run_address>0xc0319bbc</run_address>
         <size>0x4</size>
         <input_file_ref idref="fl-5"/>
      </object_component>
      <object_component id="oc-63">
         <name>.far</name>
         <load_address>0xc02832e0</load_address>
         <run_address>0xc02832e0</run_address>
         <size>0x240</size>
         <input_file_ref idref="fl-a8"/>
      </object_component>
      <object_component id="oc-11b">
         <name>.far</name>
         <load_address>0xc0000000</load_address>
         <run_address>0xc0000000</run_address>
         <size>0x2832dc</size>
         <input_file_ref idref="fl-2"/>
      </object_component>
      <object_component id="oc-19d">
         <name>.far</name>
         <load_address>0xc0283520</load_address>
         <run_address>0xc0283520</run_address>
         <size>0xc</size>
         <input_file_ref idref="fl-5"/>
      </object_component>
      <object_component id="oc-80">
         <name>.fardata</name>
         <load_address>0xc0319aec</load_address>
         <run_address>0xc0319aec</run_address>
         <size>0xc</size>
         <input_file_ref idref="fl-8e"/>
      </object_component>
      <object_component id="oc-117">
         <name>.fardata:player1</name>
         <load_address>0xc02ce530</load_address>
         <run_address>0xc02ce530</run_address>
         <size>0x25800</size>
         <input_file_ref idref="fl-2"/>
      </object_component>
      <object_component id="oc-119">
         <name>.fardata:player2</name>
         <load_address>0xc02f3d30</load_address>
         <run_address>0xc02f3d30</run_address>
         <size>0x25800</size>
         <input_file_ref idref="fl-2"/>
      </object_component>
      <object_component id="oc-125">
         <name>.fardata:p1_filtered</name>
         <load_address>0xc0283530</load_address>
         <run_address>0xc0283530</run_address>
         <size>0x25800</size>
         <input_file_ref idref="fl-2"/>
      </object_component>
      <object_component id="oc-127">
         <name>.fardata:p2_filtered</name>
         <load_address>0xc02a8d30</load_address>
         <run_address>0xc02a8d30</run_address>
         <size>0x25800</size>
         <input_file_ref idref="fl-2"/>
      </object_component>
      <object_component id="oc-129">
         <name>.fardata:p1_features</name>
         <load_address>0xc0319788</load_address>
         <run_address>0xc0319788</run_address>
         <size>0x40</size>
         <input_file_ref idref="fl-2"/>
      </object_component>
      <object_component id="oc-12b">
         <name>.fardata:p2_features</name>
         <load_address>0xc03197c8</load_address>
         <run_address>0xc03197c8</run_address>
         <size>0x40</size>
         <input_file_ref idref="fl-2"/>
      </object_component>
      <object_component id="oc-12d">
         <name>.fardata:iOffset</name>
         <load_address>0xc0319a50</load_address>
         <run_address>0xc0319a50</run_address>
         <size>0x20</size>
         <input_file_ref idref="fl-2"/>
      </object_component>
      <object_component id="oc-12f">
         <name>.fardata:jOffset</name>
         <load_address>0xc0319a70</load_address>
         <run_address>0xc0319a70</run_address>
         <size>0x20</size>
         <input_file_ref idref="fl-2"/>
      </object_component>
      <object_component id="oc-131">
         <name>.fardata:xoffset</name>
         <load_address>0xc0319808</load_address>
         <run_address>0xc0319808</run_address>
         <size>0x40</size>
         <input_file_ref idref="fl-2"/>
      </object_component>
      <object_component id="oc-133">
         <name>.fardata:gain</name>
         <load_address>0xc0319748</load_address>
         <run_address>0xc0319748</run_address>
         <size>0x40</size>
         <input_file_ref idref="fl-2"/>
      </object_component>
      <object_component id="oc-135">
         <name>.fardata:IW1_1</name>
         <load_address>0xc0319530</load_address>
         <run_address>0xc0319530</run_address>
         <size>0x1c0</size>
         <input_file_ref idref="fl-2"/>
      </object_component>
      <object_component id="oc-137">
         <name>.fardata:b1</name>
         <load_address>0xc0319a90</load_address>
         <run_address>0xc0319a90</run_address>
         <size>0x1c</size>
         <input_file_ref idref="fl-2"/>
      </object_component>
      <object_component id="oc-139">
         <name>.fardata:LW2_1</name>
         <load_address>0xc03196f0</load_address>
         <run_address>0xc03196f0</run_address>
         <size>0x54</size>
         <input_file_ref idref="fl-2"/>
      </object_component>
      <object_component id="oc-13b">
         <name>.fardata:b2</name>
         <load_address>0xc0319ae0</load_address>
         <run_address>0xc0319ae0</run_address>
         <size>0xc</size>
         <input_file_ref idref="fl-2"/>
      </object_component>
      <object_component id="oc-13d">
         <name>.fardata:P</name>
         <load_address>0xc0319848</load_address>
         <run_address>0xc0319848</run_address>
         <size>0x24</size>
         <input_file_ref idref="fl-2"/>
      </object_component>
      <object_component id="oc-13f">
         <name>.fardata:S</name>
         <load_address>0xc0319898</load_address>
         <run_address>0xc0319898</run_address>
         <size>0x24</size>
         <input_file_ref idref="fl-2"/>
      </object_component>
      <object_component id="oc-141">
         <name>.fardata:R</name>
         <load_address>0xc0319870</load_address>
         <run_address>0xc0319870</run_address>
         <size>0x24</size>
         <input_file_ref idref="fl-2"/>
      </object_component>
      <object_component id="oc-143">
         <name>.fardata:zero</name>
         <load_address>0xc0319a28</load_address>
         <run_address>0xc0319a28</run_address>
         <size>0x23</size>
         <input_file_ref idref="fl-2"/>
      </object_component>
      <object_component id="oc-145">
         <name>.fardata:one</name>
         <load_address>0xc0319960</load_address>
         <run_address>0xc0319960</run_address>
         <size>0x23</size>
         <input_file_ref idref="fl-2"/>
      </object_component>
      <object_component id="oc-147">
         <name>.fardata:two</name>
         <load_address>0xc0319a00</load_address>
         <run_address>0xc0319a00</run_address>
         <size>0x23</size>
         <input_file_ref idref="fl-2"/>
      </object_component>
      <object_component id="oc-149">
         <name>.fardata:three</name>
         <load_address>0xc03199d8</load_address>
         <run_address>0xc03199d8</run_address>
         <size>0x23</size>
         <input_file_ref idref="fl-2"/>
      </object_component>
      <object_component id="oc-14b">
         <name>.fardata:four</name>
         <load_address>0xc0319910</load_address>
         <run_address>0xc0319910</run_address>
         <size>0x23</size>
         <input_file_ref idref="fl-2"/>
      </object_component>
      <object_component id="oc-14d">
         <name>.fardata:five</name>
         <load_address>0xc03198e8</load_address>
         <run_address>0xc03198e8</run_address>
         <size>0x23</size>
         <input_file_ref idref="fl-2"/>
      </object_component>
      <object_component id="oc-14f">
         <name>.fardata:six</name>
         <load_address>0xc03199b0</load_address>
         <run_address>0xc03199b0</run_address>
         <size>0x23</size>
         <input_file_ref idref="fl-2"/>
      </object_component>
      <object_component id="oc-151">
         <name>.fardata:seven</name>
         <load_address>0xc0319988</load_address>
         <run_address>0xc0319988</run_address>
         <size>0x23</size>
         <input_file_ref idref="fl-2"/>
      </object_component>
      <object_component id="oc-153">
         <name>.fardata:eight</name>
         <load_address>0xc03198c0</load_address>
         <run_address>0xc03198c0</run_address>
         <size>0x23</size>
         <input_file_ref idref="fl-2"/>
      </object_component>
      <object_component id="oc-155">
         <name>.fardata:nine</name>
         <load_address>0xc0319938</load_address>
         <run_address>0xc0319938</run_address>
         <size>0x23</size>
         <input_file_ref idref="fl-2"/>
      </object_component>
      <object_component id="oc-17a">
         <name>.fardata</name>
         <load_address>0xc0319b04</load_address>
         <run_address>0xc0319b04</run_address>
         <size>0x8</size>
         <input_file_ref idref="fl-98"/>
      </object_component>
      <object_component id="oc-17c">
         <name>.fardata</name>
         <load_address>0xc0319af8</load_address>
         <run_address>0xc0319af8</run_address>
         <size>0xc</size>
         <input_file_ref idref="fl-94"/>
      </object_component>
      <object_component id="oc-1cb">
         <name>.fardata:Q$2</name>
         <load_address>0xc0319ac8</load_address>
         <run_address>0xc0319ac8</run_address>
         <size>0x18</size>
         <input_file_ref idref="fl-8f"/>
      </object_component>
      <object_component id="oc-1cc">
         <name>.fardata:P$1</name>
         <load_address>0xc0319ab0</load_address>
         <run_address>0xc0319ab0</run_address>
         <size>0x18</size>
         <input_file_ref idref="fl-8f"/>
      </object_component>
      <object_component id="oc-255">
         <name>.fardata</name>
         <load_address>0xc0319744</load_address>
         <run_address>0xc0319744</run_address>
         <size>0x4</size>
         <input_file_ref idref="fl-9d"/>
      </object_component>
      <object_component id="oc-2a">
         <name>.stack</name>
         <uninitialized>true</uninitialized>
         <run_address>0xc03248e0</run_address>
         <size>0x8</size>
         <input_file_ref idref="fl-87"/>
      </object_component>
      <object_component id="oc-2ad">
         <name>.stack</name>
         <uninitialized>true</uninitialized>
         <run_address>0xc03248e0</run_address>
         <size>0x0</size>
      </object_component>
      <object_component id="oc-2c">
         <name>.sysmem</name>
         <uninitialized>true</uninitialized>
         <run_address>0xc03258e0</run_address>
         <size>0x8</size>
         <input_file_ref idref="fl-94"/>
      </object_component>
      <object_component id="oc-2ae">
         <name>.sysmem</name>
         <uninitialized>true</uninitialized>
         <run_address>0xc03258e0</run_address>
         <size>0x0</size>
      </object_component>
      <object_component id="oc-15">
         <name>.debug_info</name>
         <load_address>0x0</load_address>
         <run_address>0x0</run_address>
         <size>0x110</size>
         <input_file_ref idref="fl-87"/>
      </object_component>
      <object_component id="oc-19">
         <name>.debug_info</name>
         <load_address>0x110</load_address>
         <run_address>0x110</run_address>
         <size>0x197</size>
         <input_file_ref idref="fl-aa"/>
      </object_component>
      <object_component id="oc-1f">
         <name>.debug_info</name>
         <load_address>0x2a7</load_address>
         <run_address>0x2a7</run_address>
         <size>0x14f</size>
         <input_file_ref idref="fl-88"/>
      </object_component>
      <object_component id="oc-23">
         <name>.debug_info</name>
         <load_address>0x3f6</load_address>
         <run_address>0x3f6</run_address>
         <size>0x190</size>
         <input_file_ref idref="fl-8a"/>
      </object_component>
      <object_component id="oc-27">
         <name>.debug_info</name>
         <load_address>0x586</load_address>
         <run_address>0x586</run_address>
         <size>0x16c</size>
         <input_file_ref idref="fl-89"/>
      </object_component>
      <object_component id="oc-2b">
         <name>.debug_info</name>
         <load_address>0x6f2</load_address>
         <run_address>0x6f2</run_address>
         <size>0xa7</size>
         <input_file_ref idref="fl-87"/>
      </object_component>
      <object_component id="oc-2d">
         <name>.debug_info</name>
         <load_address>0x799</load_address>
         <run_address>0x799</run_address>
         <size>0xb3</size>
         <input_file_ref idref="fl-94"/>
      </object_component>
      <object_component id="oc-2f">
         <name>.debug_info</name>
         <load_address>0x84c</load_address>
         <run_address>0x84c</run_address>
         <size>0x102d</size>
         <input_file_ref idref="fl-a8"/>
      </object_component>
      <object_component id="oc-36">
         <name>.debug_info</name>
         <load_address>0x1879</load_address>
         <run_address>0x1879</run_address>
         <size>0x190</size>
         <input_file_ref idref="fl-9a"/>
      </object_component>
      <object_component id="oc-3a">
         <name>.debug_info</name>
         <load_address>0x1a09</load_address>
         <run_address>0x1a09</run_address>
         <size>0xf6</size>
         <input_file_ref idref="fl-99"/>
      </object_component>
      <object_component id="oc-3e">
         <name>.debug_info</name>
         <load_address>0x1aff</load_address>
         <run_address>0x1aff</run_address>
         <size>0x10c</size>
         <input_file_ref idref="fl-8e"/>
      </object_component>
      <object_component id="oc-43">
         <name>.debug_info</name>
         <load_address>0x1c0b</load_address>
         <run_address>0x1c0b</run_address>
         <size>0xd6</size>
         <input_file_ref idref="fl-93"/>
      </object_component>
      <object_component id="oc-47">
         <name>.debug_info</name>
         <load_address>0x1ce1</load_address>
         <run_address>0x1ce1</run_address>
         <size>0x53</size>
         <input_file_ref idref="fl-88"/>
      </object_component>
      <object_component id="oc-4d">
         <name>.debug_info</name>
         <load_address>0x1d34</load_address>
         <run_address>0x1d34</run_address>
         <size>0x53</size>
         <input_file_ref idref="fl-8a"/>
      </object_component>
      <object_component id="oc-53">
         <name>.debug_info</name>
         <load_address>0x1d87</load_address>
         <run_address>0x1d87</run_address>
         <size>0x2f2</size>
         <input_file_ref idref="fl-89"/>
      </object_component>
      <object_component id="oc-57">
         <name>.debug_info</name>
         <load_address>0x2079</load_address>
         <run_address>0x2079</run_address>
         <size>0x1d7</size>
         <input_file_ref idref="fl-89"/>
      </object_component>
      <object_component id="oc-58">
         <name>.debug_info</name>
         <load_address>0x2250</load_address>
         <run_address>0x2250</run_address>
         <size>0x46</size>
         <input_file_ref idref="fl-89"/>
      </object_component>
      <object_component id="oc-5f">
         <name>.debug_info</name>
         <load_address>0x2296</load_address>
         <run_address>0x2296</run_address>
         <size>0xfc</size>
         <input_file_ref idref="fl-87"/>
      </object_component>
      <object_component id="oc-62">
         <name>.debug_info</name>
         <load_address>0x2392</load_address>
         <run_address>0x2392</run_address>
         <size>0x16a</size>
         <input_file_ref idref="fl-94"/>
      </object_component>
      <object_component id="oc-64">
         <name>.debug_info</name>
         <load_address>0x24fc</load_address>
         <run_address>0x24fc</run_address>
         <size>0x179</size>
         <input_file_ref idref="fl-a8"/>
      </object_component>
      <object_component id="oc-69">
         <name>.debug_info</name>
         <load_address>0x2675</load_address>
         <run_address>0x2675</run_address>
         <size>0x18e</size>
         <input_file_ref idref="fl-9c"/>
      </object_component>
      <object_component id="oc-6d">
         <name>.debug_info</name>
         <load_address>0x2803</load_address>
         <run_address>0x2803</run_address>
         <size>0x164</size>
         <input_file_ref idref="fl-9f"/>
      </object_component>
      <object_component id="oc-71">
         <name>.debug_info</name>
         <load_address>0x2967</load_address>
         <run_address>0x2967</run_address>
         <size>0x15f</size>
         <input_file_ref idref="fl-9b"/>
      </object_component>
      <object_component id="oc-76">
         <name>.debug_info</name>
         <load_address>0x2ac6</load_address>
         <run_address>0x2ac6</run_address>
         <size>0x41a9</size>
         <input_file_ref idref="fl-2"/>
      </object_component>
      <object_component id="oc-7b">
         <name>.debug_info</name>
         <load_address>0x6c6f</load_address>
         <run_address>0x6c6f</run_address>
         <size>0x94</size>
         <input_file_ref idref="fl-87"/>
      </object_component>
      <object_component id="oc-81">
         <name>.debug_info</name>
         <load_address>0x6d03</load_address>
         <run_address>0x6d03</run_address>
         <size>0x127</size>
         <input_file_ref idref="fl-8e"/>
      </object_component>
      <object_component id="oc-83">
         <name>.debug_info</name>
         <load_address>0x6e2a</load_address>
         <run_address>0x6e2a</run_address>
         <size>0x11e</size>
         <input_file_ref idref="fl-8e"/>
      </object_component>
      <object_component id="oc-87">
         <name>.debug_info</name>
         <load_address>0x6f48</load_address>
         <run_address>0x6f48</run_address>
         <size>0x8d</size>
         <input_file_ref idref="fl-88"/>
      </object_component>
      <object_component id="oc-8d">
         <name>.debug_info</name>
         <load_address>0x6fd5</load_address>
         <run_address>0x6fd5</run_address>
         <size>0x46</size>
         <input_file_ref idref="fl-88"/>
      </object_component>
      <object_component id="oc-92">
         <name>.debug_info</name>
         <load_address>0x701b</load_address>
         <run_address>0x701b</run_address>
         <size>0xe5</size>
         <input_file_ref idref="fl-88"/>
      </object_component>
      <object_component id="oc-93">
         <name>.debug_info</name>
         <load_address>0x7100</load_address>
         <run_address>0x7100</run_address>
         <size>0x2c</size>
         <input_file_ref idref="fl-89"/>
      </object_component>
      <object_component id="oc-98">
         <name>.debug_info</name>
         <load_address>0x712c</load_address>
         <run_address>0x712c</run_address>
         <size>0x1cd</size>
         <input_file_ref idref="fl-8a"/>
      </object_component>
      <object_component id="oc-a0">
         <name>.debug_info</name>
         <load_address>0x72f9</load_address>
         <run_address>0x72f9</run_address>
         <size>0x110</size>
         <input_file_ref idref="fl-8e"/>
      </object_component>
      <object_component id="oc-a5">
         <name>.debug_info</name>
         <load_address>0x7409</load_address>
         <run_address>0x7409</run_address>
         <size>0x70</size>
         <input_file_ref idref="fl-94"/>
      </object_component>
      <object_component id="oc-aa">
         <name>.debug_info</name>
         <load_address>0x7479</load_address>
         <run_address>0x7479</run_address>
         <size>0x228</size>
         <input_file_ref idref="fl-a8"/>
      </object_component>
      <object_component id="oc-ae">
         <name>.debug_info</name>
         <load_address>0x76a1</load_address>
         <run_address>0x76a1</run_address>
         <size>0x140</size>
         <input_file_ref idref="fl-9c"/>
      </object_component>
      <object_component id="oc-b0">
         <name>.debug_info</name>
         <load_address>0x77e1</load_address>
         <run_address>0x77e1</run_address>
         <size>0x253</size>
         <input_file_ref idref="fl-9f"/>
      </object_component>
      <object_component id="oc-b3">
         <name>.debug_info</name>
         <load_address>0x7a34</load_address>
         <run_address>0x7a34</run_address>
         <size>0x196</size>
         <input_file_ref idref="fl-94"/>
      </object_component>
      <object_component id="oc-b7">
         <name>.debug_info</name>
         <load_address>0x7bca</load_address>
         <run_address>0x7bca</run_address>
         <size>0xc9</size>
         <input_file_ref idref="fl-96"/>
      </object_component>
      <object_component id="oc-bb">
         <name>.debug_info</name>
         <load_address>0x7c93</load_address>
         <run_address>0x7c93</run_address>
         <size>0x14c7</size>
         <input_file_ref idref="fl-a9"/>
      </object_component>
      <object_component id="oc-c2">
         <name>.debug_info</name>
         <load_address>0x915a</load_address>
         <run_address>0x915a</run_address>
         <size>0x4dd</size>
         <input_file_ref idref="fl-a3"/>
      </object_component>
      <object_component id="oc-c9">
         <name>.debug_info</name>
         <load_address>0x9637</load_address>
         <run_address>0x9637</run_address>
         <size>0x263</size>
         <input_file_ref idref="fl-a7"/>
      </object_component>
      <object_component id="oc-d0">
         <name>.debug_info</name>
         <load_address>0x989a</load_address>
         <run_address>0x989a</run_address>
         <size>0x1935</size>
         <input_file_ref idref="fl-5"/>
      </object_component>
      <object_component id="oc-d5">
         <name>.debug_info</name>
         <load_address>0xb1cf</load_address>
         <run_address>0xb1cf</run_address>
         <size>0x949</size>
         <input_file_ref idref="fl-3"/>
      </object_component>
      <object_component id="oc-da">
         <name>.debug_info</name>
         <load_address>0xbb18</load_address>
         <run_address>0xbb18</run_address>
         <size>0x22a</size>
         <input_file_ref idref="fl-a5"/>
      </object_component>
      <object_component id="oc-e1">
         <name>.debug_info</name>
         <load_address>0xbd42</load_address>
         <run_address>0xbd42</run_address>
         <size>0x52a3</size>
         <input_file_ref idref="fl-a1"/>
      </object_component>
      <object_component id="oc-e8">
         <name>.debug_info</name>
         <load_address>0x10fe5</load_address>
         <run_address>0x10fe5</run_address>
         <size>0x36e0</size>
         <input_file_ref idref="fl-a2"/>
      </object_component>
      <object_component id="oc-ef">
         <name>.debug_info</name>
         <load_address>0x146c5</load_address>
         <run_address>0x146c5</run_address>
         <size>0x24e4</size>
         <input_file_ref idref="fl-7"/>
      </object_component>
      <object_component id="oc-f4">
         <name>.debug_info</name>
         <load_address>0x16ba9</load_address>
         <run_address>0x16ba9</run_address>
         <size>0xc9</size>
         <input_file_ref idref="fl-8d"/>
      </object_component>
      <object_component id="oc-f8">
         <name>.debug_info</name>
         <load_address>0x16c72</load_address>
         <run_address>0x16c72</run_address>
         <size>0xc9</size>
         <input_file_ref idref="fl-95"/>
      </object_component>
      <object_component id="oc-fc">
         <name>.debug_info</name>
         <load_address>0x16d3b</load_address>
         <run_address>0x16d3b</run_address>
         <size>0x11c</size>
         <input_file_ref idref="fl-8c"/>
      </object_component>
      <object_component id="oc-100">
         <name>.debug_info</name>
         <load_address>0x16e57</load_address>
         <run_address>0x16e57</run_address>
         <size>0x135</size>
         <input_file_ref idref="fl-8f"/>
      </object_component>
      <object_component id="oc-104">
         <name>.debug_info</name>
         <load_address>0x16f8c</load_address>
         <run_address>0x16f8c</run_address>
         <size>0x199</size>
         <input_file_ref idref="fl-8b"/>
      </object_component>
      <object_component id="oc-108">
         <name>.debug_info</name>
         <load_address>0x17125</load_address>
         <run_address>0x17125</run_address>
         <size>0x793</size>
         <input_file_ref idref="fl-a6"/>
      </object_component>
      <object_component id="oc-10f">
         <name>.debug_info</name>
         <load_address>0x178b8</load_address>
         <run_address>0x178b8</run_address>
         <size>0x245e</size>
         <input_file_ref idref="fl-a8"/>
      </object_component>
      <object_component id="oc-116">
         <name>.debug_info</name>
         <load_address>0x19d16</load_address>
         <run_address>0x19d16</run_address>
         <size>0x1b1</size>
         <input_file_ref idref="fl-2"/>
      </object_component>
      <object_component id="oc-118">
         <name>.debug_info</name>
         <load_address>0x19ec7</load_address>
         <run_address>0x19ec7</run_address>
         <size>0x1ad</size>
         <input_file_ref idref="fl-2"/>
      </object_component>
      <object_component id="oc-11a">
         <name>.debug_info</name>
         <load_address>0x1a074</load_address>
         <run_address>0x1a074</run_address>
         <size>0x1ad</size>
         <input_file_ref idref="fl-2"/>
      </object_component>
      <object_component id="oc-11c">
         <name>.debug_info</name>
         <load_address>0x1a221</load_address>
         <run_address>0x1a221</run_address>
         <size>0x355</size>
         <input_file_ref idref="fl-2"/>
      </object_component>
      <object_component id="oc-11e">
         <name>.debug_info</name>
         <load_address>0x1a576</load_address>
         <run_address>0x1a576</run_address>
         <size>0x416</size>
         <input_file_ref idref="fl-2"/>
      </object_component>
      <object_component id="oc-120">
         <name>.debug_info</name>
         <load_address>0x1a98c</load_address>
         <run_address>0x1a98c</run_address>
         <size>0x3a6</size>
         <input_file_ref idref="fl-2"/>
      </object_component>
      <object_component id="oc-122">
         <name>.debug_info</name>
         <load_address>0x1ad32</load_address>
         <run_address>0x1ad32</run_address>
         <size>0x1e2</size>
         <input_file_ref idref="fl-2"/>
      </object_component>
      <object_component id="oc-124">
         <name>.debug_info</name>
         <load_address>0x1af14</load_address>
         <run_address>0x1af14</run_address>
         <size>0x1ad</size>
         <input_file_ref idref="fl-2"/>
      </object_component>
      <object_component id="oc-126">
         <name>.debug_info</name>
         <load_address>0x1b0c1</load_address>
         <run_address>0x1b0c1</run_address>
         <size>0x1b5</size>
         <input_file_ref idref="fl-2"/>
      </object_component>
      <object_component id="oc-128">
         <name>.debug_info</name>
         <load_address>0x1b276</load_address>
         <run_address>0x1b276</run_address>
         <size>0x1b5</size>
         <input_file_ref idref="fl-2"/>
      </object_component>
      <object_component id="oc-12a">
         <name>.debug_info</name>
         <load_address>0x1b42b</load_address>
         <run_address>0x1b42b</run_address>
         <size>0x1b5</size>
         <input_file_ref idref="fl-2"/>
      </object_component>
      <object_component id="oc-12c">
         <name>.debug_info</name>
         <load_address>0x1b5e0</load_address>
         <run_address>0x1b5e0</run_address>
         <size>0x1b5</size>
         <input_file_ref idref="fl-2"/>
      </object_component>
      <object_component id="oc-12e">
         <name>.debug_info</name>
         <load_address>0x1b795</load_address>
         <run_address>0x1b795</run_address>
         <size>0x1ac</size>
         <input_file_ref idref="fl-2"/>
      </object_component>
      <object_component id="oc-130">
         <name>.debug_info</name>
         <load_address>0x1b941</load_address>
         <run_address>0x1b941</run_address>
         <size>0x1ac</size>
         <input_file_ref idref="fl-2"/>
      </object_component>
      <object_component id="oc-132">
         <name>.debug_info</name>
         <load_address>0x1baed</load_address>
         <run_address>0x1baed</run_address>
         <size>0x1ad</size>
         <input_file_ref idref="fl-2"/>
      </object_component>
      <object_component id="oc-134">
         <name>.debug_info</name>
         <load_address>0x1bc9a</load_address>
         <run_address>0x1bc9a</run_address>
         <size>0x1a7</size>
         <input_file_ref idref="fl-2"/>
      </object_component>
      <object_component id="oc-136">
         <name>.debug_info</name>
         <load_address>0x1be41</load_address>
         <run_address>0x1be41</run_address>
         <size>0x1a9</size>
         <input_file_ref idref="fl-2"/>
      </object_component>
      <object_component id="oc-138">
         <name>.debug_info</name>
         <load_address>0x1bfea</load_address>
         <run_address>0x1bfea</run_address>
         <size>0x1a3</size>
         <input_file_ref idref="fl-2"/>
      </object_component>
      <object_component id="oc-13a">
         <name>.debug_info</name>
         <load_address>0x1c18d</load_address>
         <run_address>0x1c18d</run_address>
         <size>0x1a9</size>
         <input_file_ref idref="fl-2"/>
      </object_component>
      <object_component id="oc-13c">
         <name>.debug_info</name>
         <load_address>0x1c336</load_address>
         <run_address>0x1c336</run_address>
         <size>0x1a3</size>
         <input_file_ref idref="fl-2"/>
      </object_component>
      <object_component id="oc-13e">
         <name>.debug_info</name>
         <load_address>0x1c4d9</load_address>
         <run_address>0x1c4d9</run_address>
         <size>0x1a1</size>
         <input_file_ref idref="fl-2"/>
      </object_component>
      <object_component id="oc-140">
         <name>.debug_info</name>
         <load_address>0x1c67a</load_address>
         <run_address>0x1c67a</run_address>
         <size>0x1a1</size>
         <input_file_ref idref="fl-2"/>
      </object_component>
      <object_component id="oc-142">
         <name>.debug_info</name>
         <load_address>0x1c81b</load_address>
         <run_address>0x1c81b</run_address>
         <size>0x1a1</size>
         <input_file_ref idref="fl-2"/>
      </object_component>
      <object_component id="oc-144">
         <name>.debug_info</name>
         <load_address>0x1c9bc</load_address>
         <run_address>0x1c9bc</run_address>
         <size>0x1a7</size>
         <input_file_ref idref="fl-2"/>
      </object_component>
      <object_component id="oc-146">
         <name>.debug_info</name>
         <load_address>0x1cb63</load_address>
         <run_address>0x1cb63</run_address>
         <size>0x1a5</size>
         <input_file_ref idref="fl-2"/>
      </object_component>
      <object_component id="oc-148">
         <name>.debug_info</name>
         <load_address>0x1cd08</load_address>
         <run_address>0x1cd08</run_address>
         <size>0x1a5</size>
         <input_file_ref idref="fl-2"/>
      </object_component>
      <object_component id="oc-14a">
         <name>.debug_info</name>
         <load_address>0x1cead</load_address>
         <run_address>0x1cead</run_address>
         <size>0x1aa</size>
         <input_file_ref idref="fl-2"/>
      </object_component>
      <object_component id="oc-14c">
         <name>.debug_info</name>
         <load_address>0x1d057</load_address>
         <run_address>0x1d057</run_address>
         <size>0x1a8</size>
         <input_file_ref idref="fl-2"/>
      </object_component>
      <object_component id="oc-14e">
         <name>.debug_info</name>
         <load_address>0x1d1ff</load_address>
         <run_address>0x1d1ff</run_address>
         <size>0x1a8</size>
         <input_file_ref idref="fl-2"/>
      </object_component>
      <object_component id="oc-150">
         <name>.debug_info</name>
         <load_address>0x1d3a7</load_address>
         <run_address>0x1d3a7</run_address>
         <size>0x1a6</size>
         <input_file_ref idref="fl-2"/>
      </object_component>
      <object_component id="oc-152">
         <name>.debug_info</name>
         <load_address>0x1d54d</load_address>
         <run_address>0x1d54d</run_address>
         <size>0x1aa</size>
         <input_file_ref idref="fl-2"/>
      </object_component>
      <object_component id="oc-154">
         <name>.debug_info</name>
         <load_address>0x1d6f7</load_address>
         <run_address>0x1d6f7</run_address>
         <size>0x1aa</size>
         <input_file_ref idref="fl-2"/>
      </object_component>
      <object_component id="oc-156">
         <name>.debug_info</name>
         <load_address>0x1d8a1</load_address>
         <run_address>0x1d8a1</run_address>
         <size>0x1a8</size>
         <input_file_ref idref="fl-2"/>
      </object_component>
      <object_component id="oc-159">
         <name>.debug_info</name>
         <load_address>0x1da49</load_address>
         <run_address>0x1da49</run_address>
         <size>0xda1</size>
         <input_file_ref idref="fl-2"/>
      </object_component>
      <object_component id="oc-15a">
         <name>.debug_info</name>
         <load_address>0x1e7ea</load_address>
         <run_address>0x1e7ea</run_address>
         <size>0x94</size>
         <input_file_ref idref="fl-2"/>
      </object_component>
      <object_component id="oc-161">
         <name>.debug_info</name>
         <load_address>0x1e87e</load_address>
         <run_address>0x1e87e</run_address>
         <size>0x12b</size>
         <input_file_ref idref="fl-8e"/>
      </object_component>
      <object_component id="oc-167">
         <name>.debug_info</name>
         <load_address>0x1e9a9</load_address>
         <run_address>0x1e9a9</run_address>
         <size>0x8d</size>
         <input_file_ref idref="fl-a8"/>
      </object_component>
      <object_component id="oc-16c">
         <name>.debug_info</name>
         <load_address>0x1ea36</load_address>
         <run_address>0x1ea36</run_address>
         <size>0x2c</size>
         <input_file_ref idref="fl-a8"/>
      </object_component>
      <object_component id="oc-173">
         <name>.debug_info</name>
         <load_address>0x1ea62</load_address>
         <run_address>0x1ea62</run_address>
         <size>0xcd</size>
         <input_file_ref idref="fl-9c"/>
      </object_component>
      <object_component id="oc-17b">
         <name>.debug_info</name>
         <load_address>0x1eb2f</load_address>
         <run_address>0x1eb2f</run_address>
         <size>0xc5</size>
         <input_file_ref idref="fl-98"/>
      </object_component>
      <object_component id="oc-17d">
         <name>.debug_info</name>
         <load_address>0x1ebf4</load_address>
         <run_address>0x1ebf4</run_address>
         <size>0xfe</size>
         <input_file_ref idref="fl-94"/>
      </object_component>
      <object_component id="oc-17f">
         <name>.debug_info</name>
         <load_address>0x1ecf2</load_address>
         <run_address>0x1ecf2</run_address>
         <size>0xf0</size>
         <input_file_ref idref="fl-94"/>
      </object_component>
      <object_component id="oc-183">
         <name>.debug_info</name>
         <load_address>0x1ede2</load_address>
         <run_address>0x1ede2</run_address>
         <size>0x140</size>
         <input_file_ref idref="fl-94"/>
      </object_component>
      <object_component id="oc-187">
         <name>.debug_info</name>
         <load_address>0x1ef22</load_address>
         <run_address>0x1ef22</run_address>
         <size>0x140</size>
         <input_file_ref idref="fl-94"/>
      </object_component>
      <object_component id="oc-18c">
         <name>.debug_info</name>
         <load_address>0x1f062</load_address>
         <run_address>0x1f062</run_address>
         <size>0x88</size>
         <input_file_ref idref="fl-a1"/>
      </object_component>
      <object_component id="oc-191">
         <name>.debug_info</name>
         <load_address>0x1f0ea</load_address>
         <run_address>0x1f0ea</run_address>
         <size>0x112</size>
         <input_file_ref idref="fl-a3"/>
      </object_component>
      <object_component id="oc-194">
         <name>.debug_info</name>
         <load_address>0x1f1fc</load_address>
         <run_address>0x1f1fc</run_address>
         <size>0x88</size>
         <input_file_ref idref="fl-a5"/>
      </object_component>
      <object_component id="oc-19a">
         <name>.debug_info</name>
         <load_address>0x1f284</load_address>
         <run_address>0x1f284</run_address>
         <size>0x1c8</size>
         <input_file_ref idref="fl-5"/>
      </object_component>
      <object_component id="oc-19c">
         <name>.debug_info</name>
         <load_address>0x1f44c</load_address>
         <run_address>0x1f44c</run_address>
         <size>0x1a7</size>
         <input_file_ref idref="fl-5"/>
      </object_component>
      <object_component id="oc-19e">
         <name>.debug_info</name>
         <load_address>0x1f5f3</load_address>
         <run_address>0x1f5f3</run_address>
         <size>0x1a7</size>
         <input_file_ref idref="fl-5"/>
      </object_component>
      <object_component id="oc-1a0">
         <name>.debug_info</name>
         <load_address>0x1f79a</load_address>
         <run_address>0x1f79a</run_address>
         <size>0x260a</size>
         <input_file_ref idref="fl-a4"/>
      </object_component>
      <object_component id="oc-1a7">
         <name>.debug_info</name>
         <load_address>0x21da4</load_address>
         <run_address>0x21da4</run_address>
         <size>0x8d</size>
         <input_file_ref idref="fl-3"/>
      </object_component>
      <object_component id="oc-1ad">
         <name>.debug_info</name>
         <load_address>0x21e31</load_address>
         <run_address>0x21e31</run_address>
         <size>0x1f8</size>
         <input_file_ref idref="fl-3"/>
      </object_component>
      <object_component id="oc-1ae">
         <name>.debug_info</name>
         <load_address>0x22029</load_address>
         <run_address>0x22029</run_address>
         <size>0x114</size>
         <input_file_ref idref="fl-a1"/>
      </object_component>
      <object_component id="oc-1b2">
         <name>.debug_info</name>
         <load_address>0x2213d</load_address>
         <run_address>0x2213d</run_address>
         <size>0xc9</size>
         <input_file_ref idref="fl-ab"/>
      </object_component>
      <object_component id="oc-1b5">
         <name>.debug_info</name>
         <load_address>0x22206</load_address>
         <run_address>0x22206</run_address>
         <size>0x13d</size>
         <input_file_ref idref="fl-a2"/>
      </object_component>
      <object_component id="oc-1b9">
         <name>.debug_info</name>
         <load_address>0x22343</load_address>
         <run_address>0x22343</run_address>
         <size>0x245</size>
         <input_file_ref idref="fl-7"/>
      </object_component>
      <object_component id="oc-1bb">
         <name>.debug_info</name>
         <load_address>0x22588</load_address>
         <run_address>0x22588</run_address>
         <size>0x46d</size>
         <input_file_ref idref="fl-7"/>
      </object_component>
      <object_component id="oc-1c0">
         <name>.debug_info</name>
         <load_address>0x229f5</load_address>
         <run_address>0x229f5</run_address>
         <size>0xfb</size>
         <input_file_ref idref="fl-9d"/>
      </object_component>
      <object_component id="oc-1c4">
         <name>.debug_info</name>
         <load_address>0x22af0</load_address>
         <run_address>0x22af0</run_address>
         <size>0x107</size>
         <input_file_ref idref="fl-97"/>
      </object_component>
      <object_component id="oc-1c8">
         <name>.debug_info</name>
         <load_address>0x22bf7</load_address>
         <run_address>0x22bf7</run_address>
         <size>0x121</size>
         <input_file_ref idref="fl-91"/>
      </object_component>
      <object_component id="oc-1cf">
         <name>.debug_info</name>
         <load_address>0x22d18</load_address>
         <run_address>0x22d18</run_address>
         <size>0x11b</size>
         <input_file_ref idref="fl-92"/>
      </object_component>
      <object_component id="oc-1d3">
         <name>.debug_info</name>
         <load_address>0x22e33</load_address>
         <run_address>0x22e33</run_address>
         <size>0x125</size>
         <input_file_ref idref="fl-90"/>
      </object_component>
      <object_component id="oc-1d8">
         <name>.debug_info</name>
         <load_address>0x22f58</load_address>
         <run_address>0x22f58</run_address>
         <size>0x1161</size>
         <input_file_ref idref="fl-ac"/>
      </object_component>
      <object_component id="oc-1de">
         <name>.debug_info</name>
         <load_address>0x240b9</load_address>
         <run_address>0x240b9</run_address>
         <size>0x211</size>
         <input_file_ref idref="fl-a6"/>
      </object_component>
      <object_component id="oc-225">
         <name>.debug_info</name>
         <load_address>0x242ca</load_address>
         <run_address>0x242ca</run_address>
         <size>0xa5</size>
         <input_file_ref idref="fl-2"/>
      </object_component>
      <object_component id="oc-22a">
         <name>.debug_info</name>
         <load_address>0x2436f</load_address>
         <run_address>0x2436f</run_address>
         <size>0xf9</size>
         <input_file_ref idref="fl-2"/>
      </object_component>
      <object_component id="oc-232">
         <name>.debug_info</name>
         <load_address>0x24468</load_address>
         <run_address>0x24468</run_address>
         <size>0xd9</size>
         <input_file_ref idref="fl-98"/>
      </object_component>
      <object_component id="oc-237">
         <name>.debug_info</name>
         <load_address>0x24541</load_address>
         <run_address>0x24541</run_address>
         <size>0x99</size>
         <input_file_ref idref="fl-98"/>
      </object_component>
      <object_component id="oc-23f">
         <name>.debug_info</name>
         <load_address>0x245da</load_address>
         <run_address>0x245da</run_address>
         <size>0x504</size>
         <input_file_ref idref="fl-5"/>
      </object_component>
      <object_component id="oc-246">
         <name>.debug_info</name>
         <load_address>0x24ade</load_address>
         <run_address>0x24ade</run_address>
         <size>0xf9</size>
         <input_file_ref idref="fl-a1"/>
      </object_component>
      <object_component id="oc-24c">
         <name>.debug_info</name>
         <load_address>0x24bd7</load_address>
         <run_address>0x24bd7</run_address>
         <size>0x138</size>
         <input_file_ref idref="fl-a2"/>
      </object_component>
      <object_component id="oc-256">
         <name>.debug_info</name>
         <load_address>0x24d0f</load_address>
         <run_address>0x24d0f</run_address>
         <size>0xaa</size>
         <input_file_ref idref="fl-9d"/>
      </object_component>
      <object_component id="oc-258">
         <name>.debug_info</name>
         <load_address>0x24db9</load_address>
         <run_address>0x24db9</run_address>
         <size>0x97</size>
         <input_file_ref idref="fl-9d"/>
      </object_component>
      <object_component id="oc-25a">
         <name>.debug_info</name>
         <load_address>0x24e50</load_address>
         <run_address>0x24e50</run_address>
         <size>0xf8</size>
         <input_file_ref idref="fl-9e"/>
      </object_component>
      <object_component id="oc-260">
         <name>.debug_info</name>
         <load_address>0x24f48</load_address>
         <run_address>0x24f48</run_address>
         <size>0x1d9</size>
         <input_file_ref idref="fl-87"/>
      </object_component>
      <object_component id="oc-265">
         <name>.debug_info</name>
         <load_address>0x25121</load_address>
         <run_address>0x25121</run_address>
         <size>0x46</size>
         <input_file_ref idref="fl-92"/>
      </object_component>
      <object_component id="oc-26b">
         <name>.debug_info</name>
         <load_address>0x25167</load_address>
         <run_address>0x25167</run_address>
         <size>0x7f</size>
         <input_file_ref idref="fl-8b"/>
      </object_component>
      <object_component id="oc-27b">
         <name>.debug_info</name>
         <load_address>0x251e6</load_address>
         <run_address>0x251e6</run_address>
         <size>0xf3</size>
         <input_file_ref idref="fl-9e"/>
      </object_component>
      <object_component id="oc-27c">
         <name>.debug_info</name>
         <load_address>0x252d9</load_address>
         <run_address>0x252d9</run_address>
         <size>0xf4</size>
         <input_file_ref idref="fl-92"/>
      </object_component>
      <object_component id="oc-2e5">
         <name>.debug_info</name>
         <load_address>0x253cd</load_address>
         <run_address>0x253cd</run_address>
         <size>0x104</size>
      </object_component>
      <object_component id="oc-16">
         <name>.debug_line</name>
         <load_address>0x0</load_address>
         <run_address>0x0</run_address>
         <size>0x40</size>
         <input_file_ref idref="fl-87"/>
      </object_component>
      <object_component id="oc-1a">
         <name>.debug_line</name>
         <load_address>0x40</load_address>
         <run_address>0x40</run_address>
         <size>0x106</size>
         <input_file_ref idref="fl-aa"/>
      </object_component>
      <object_component id="oc-20">
         <name>.debug_line</name>
         <load_address>0x146</load_address>
         <run_address>0x146</run_address>
         <size>0x4b</size>
         <input_file_ref idref="fl-88"/>
      </object_component>
      <object_component id="oc-24">
         <name>.debug_line</name>
         <load_address>0x191</load_address>
         <run_address>0x191</run_address>
         <size>0x59</size>
         <input_file_ref idref="fl-8a"/>
      </object_component>
      <object_component id="oc-28">
         <name>.debug_line</name>
         <load_address>0x1ea</load_address>
         <run_address>0x1ea</run_address>
         <size>0x4a</size>
         <input_file_ref idref="fl-89"/>
      </object_component>
      <object_component id="oc-30">
         <name>.debug_line</name>
         <load_address>0x234</load_address>
         <run_address>0x234</run_address>
         <size>0x1ee</size>
         <input_file_ref idref="fl-a8"/>
      </object_component>
      <object_component id="oc-37">
         <name>.debug_line</name>
         <load_address>0x422</load_address>
         <run_address>0x422</run_address>
         <size>0x50</size>
         <input_file_ref idref="fl-9a"/>
      </object_component>
      <object_component id="oc-3b">
         <name>.debug_line</name>
         <load_address>0x472</load_address>
         <run_address>0x472</run_address>
         <size>0x42</size>
         <input_file_ref idref="fl-99"/>
      </object_component>
      <object_component id="oc-3f">
         <name>.debug_line</name>
         <load_address>0x4b4</load_address>
         <run_address>0x4b4</run_address>
         <size>0x3e</size>
         <input_file_ref idref="fl-8e"/>
      </object_component>
      <object_component id="oc-44">
         <name>.debug_line</name>
         <load_address>0x4f2</load_address>
         <run_address>0x4f2</run_address>
         <size>0x4d</size>
         <input_file_ref idref="fl-93"/>
      </object_component>
      <object_component id="oc-48">
         <name>.debug_line</name>
         <load_address>0x53f</load_address>
         <run_address>0x53f</run_address>
         <size>0x3a</size>
         <input_file_ref idref="fl-88"/>
      </object_component>
      <object_component id="oc-4e">
         <name>.debug_line</name>
         <load_address>0x579</load_address>
         <run_address>0x579</run_address>
         <size>0x34</size>
         <input_file_ref idref="fl-8a"/>
      </object_component>
      <object_component id="oc-54">
         <name>.debug_line</name>
         <load_address>0x5ad</load_address>
         <run_address>0x5ad</run_address>
         <size>0x62</size>
         <input_file_ref idref="fl-89"/>
      </object_component>
      <object_component id="oc-59">
         <name>.debug_line</name>
         <load_address>0x60f</load_address>
         <run_address>0x60f</run_address>
         <size>0x39</size>
         <input_file_ref idref="fl-89"/>
      </object_component>
      <object_component id="oc-5e">
         <name>.debug_line</name>
         <load_address>0x648</load_address>
         <run_address>0x648</run_address>
         <size>0x2a</size>
         <input_file_ref idref="fl-87"/>
      </object_component>
      <object_component id="oc-61">
         <name>.debug_line</name>
         <load_address>0x672</load_address>
         <run_address>0x672</run_address>
         <size>0x2c</size>
         <input_file_ref idref="fl-94"/>
      </object_component>
      <object_component id="oc-65">
         <name>.debug_line</name>
         <load_address>0x69e</load_address>
         <run_address>0x69e</run_address>
         <size>0x7a</size>
         <input_file_ref idref="fl-a8"/>
      </object_component>
      <object_component id="oc-6a">
         <name>.debug_line</name>
         <load_address>0x718</load_address>
         <run_address>0x718</run_address>
         <size>0x47</size>
         <input_file_ref idref="fl-9c"/>
      </object_component>
      <object_component id="oc-6e">
         <name>.debug_line</name>
         <load_address>0x75f</load_address>
         <run_address>0x75f</run_address>
         <size>0x49</size>
         <input_file_ref idref="fl-9f"/>
      </object_component>
      <object_component id="oc-72">
         <name>.debug_line</name>
         <load_address>0x7a8</load_address>
         <run_address>0x7a8</run_address>
         <size>0x4a</size>
         <input_file_ref idref="fl-9b"/>
      </object_component>
      <object_component id="oc-77">
         <name>.debug_line</name>
         <load_address>0x7f2</load_address>
         <run_address>0x7f2</run_address>
         <size>0x6e3</size>
         <input_file_ref idref="fl-2"/>
      </object_component>
      <object_component id="oc-7c">
         <name>.debug_line</name>
         <load_address>0xed5</load_address>
         <run_address>0xed5</run_address>
         <size>0x20</size>
         <input_file_ref idref="fl-87"/>
      </object_component>
      <object_component id="oc-84">
         <name>.debug_line</name>
         <load_address>0xef5</load_address>
         <run_address>0xef5</run_address>
         <size>0x38</size>
         <input_file_ref idref="fl-8e"/>
      </object_component>
      <object_component id="oc-88">
         <name>.debug_line</name>
         <load_address>0xf2d</load_address>
         <run_address>0xf2d</run_address>
         <size>0x20</size>
         <input_file_ref idref="fl-88"/>
      </object_component>
      <object_component id="oc-8e">
         <name>.debug_line</name>
         <load_address>0xf4d</load_address>
         <run_address>0xf4d</run_address>
         <size>0x44</size>
         <input_file_ref idref="fl-88"/>
      </object_component>
[...]
      </symbol>
      <symbol id="sm-6f2">
         <name>RasterSubPanelEnable</name>
         <value>0xc032060c</value>
         <object_component_ref idref="oc-e7"/>
      </symbol>
      <symbol id="sm-6f3">
         <name>RasterHparamConfig</name>
         <value>0xc0320168</value>
         <object_component_ref idref="oc-e7"/>
      </symbol>
      <symbol id="sm-6f4">
         <name>RasterFIFODMADelayConfig</name>
         <value>0xc0320120</value>
         <object_component_ref idref="oc-e7"/>
      </symbol>
      <symbol id="sm-6f5">
         <name>RasterSubPanelConfig</name>
         <value>0xc0320650</value>
         <object_component_ref idref="oc-e7"/>
      </symbol>
      <symbol id="sm-6f6">
         <name>RasterSoftWareClkEnable</name>
         <value>0xc0320810</value>
         <object_component_ref idref="oc-e7"/>
      </symbol>
      <symbol id="sm-6f7">
         <name>RasterSoftWareResetControlDisable</name>
         <value>0xc0320914</value>
         <object_component_ref idref="oc-e7"/>
      </symbol>
      <symbol id="sm-6f8">
         <name>RasterIdGet</name>
         <value>0xc031fea0</value>
         <object_component_ref idref="oc-e7"/>
      </symbol>
      <symbol id="sm-6f9">
         <name>RasterContextRestore</name>
         <value>0xc0320b30</value>
         <object_component_ref idref="oc-e7"/>
      </symbol>
      <symbol id="sm-6fa">
         <name>RasterEndOfInterrupt</name>
         <value>0xc0320988</value>
         <object_component_ref idref="oc-e7"/>
      </symbol>
      <symbol id="sm-6fb">
         <name>RasterSubPanelDisable</name>
         <value>0xc032062c</value>
         <object_component_ref idref="oc-e7"/>
      </symbol>
      <symbol id="sm-6fc">
         <name>RasterDisable</name>
         <value>0xc031ff18</value>
         <object_component_ref idref="oc-e7"/>
      </symbol>
      <symbol id="sm-6fd">
         <name>RasterByteSwapDisable</name>
         <value>0xc0320408</value>
         <object_component_ref idref="oc-e7"/>
      </symbol>
      <symbol id="sm-6fe">
         <name>RasterDmaMasterPrioritySet</name>
         <value>0xc03209a4</value>
         <object_component_ref idref="oc-e7"/>
      </symbol>
      <symbol id="sm-6ff">
         <name>RasterMSBDataOrderSelect</name>
         <value>0xc0320000</value>
         <object_component_ref idref="oc-e7"/>
      </symbol>
      <symbol id="sm-700">
         <name>RasterIntDisable</name>
         <value>0xc0320088</value>
         <object_component_ref idref="oc-e7"/>
      </symbol>
      <symbol id="sm-701">
         <name>RasterDMAFBConfig</name>
         <value>0xc032054c</value>
         <object_component_ref idref="oc-e7"/>
      </symbol>
      <symbol id="sm-721">
         <name>PSCModuleControl</name>
         <value>0xc0323a80</value>
         <object_component_ref idref="oc-c1"/>
      </symbol>
      <symbol id="sm-731">
         <name>I2CDMATxEventEnable</name>
         <value>0xc0322154</value>
         <object_component_ref idref="oc-19f"/>
      </symbol>
      <symbol id="sm-732">
         <name>I2CMasterBusBusy</name>
         <value>0xc0321f68</value>
         <object_component_ref idref="oc-19f"/>
      </symbol>
      <symbol id="sm-733">
         <name>I2CMasterIntStatus</name>
         <value>0xc0321ecc</value>
         <object_component_ref idref="oc-19f"/>
      </symbol>
      <symbol id="sm-734">
         <name>I2CMasterIntDisableEx</name>
         <value>0xc0321e84</value>
         <object_component_ref idref="oc-19f"/>
      </symbol>
      <symbol id="sm-735">
         <name>I2COwnAddressSet</name>
         <value>0xc03220f0</value>
         <object_component_ref idref="oc-19f"/>
      </symbol>
      <symbol id="sm-736">
         <name>I2CDMATxEventDisable</name>
         <value>0xc03221a0</value>
         <object_component_ref idref="oc-19f"/>
      </symbol>
      <symbol id="sm-737">
         <name>I2CMasterDataPut</name>
         <value>0xc0322058</value>
         <object_component_ref idref="oc-19f"/>
      </symbol>
      <symbol id="sm-738">
         <name>I2CSlaveIntDisableEx</name>
         <value>0xc0321ea8</value>
         <object_component_ref idref="oc-19f"/>
      </symbol>
      <symbol id="sm-739">
         <name>I2CMasterInitExpClk</name>
         <value>0xc0321d40</value>
         <object_component_ref idref="oc-19f"/>
      </symbol>
      <symbol id="sm-73a">
         <name>I2CDMARxEventDisable</name>
         <value>0xc03221c4</value>
         <object_component_ref idref="oc-19f"/>
      </symbol>
      <symbol id="sm-73b">
         <name>I2CSlaveIntEnableEx</name>
         <value>0xc0321e60</value>
         <object_component_ref idref="oc-19f"/>
      </symbol>
      <symbol id="sm-73c">
         <name>I2CSlaveIntClearEx</name>
         <value>0xc0321f38</value>
         <object_component_ref idref="oc-19f"/>
      </symbol>
      <symbol id="sm-73d">
         <name>I2CSlaveDataGet</name>
         <value>0xc03220c0</value>
         <object_component_ref idref="oc-19f"/>
      </symbol>
      <symbol id="sm-73e">
         <name>I2CMasterIsBusy</name>
         <value>0xc0321f8c</value>
         <object_component_ref idref="oc-19f"/>
      </symbol>
      <symbol id="sm-73f">
         <name>I2CSetDataCount</name>
         <value>0xc03220d8</value>
         <object_component_ref idref="oc-19f"/>
      </symbol>
      <symbol id="sm-740">
         <name>I2CSlaveAddressGet</name>
         <value>0xc0322124</value>
         <object_component_ref idref="oc-19f"/>
      </symbol>
      <symbol id="sm-741">
         <name>I2CDMARxEventEnable</name>
         <value>0xc0322178</value>
         <object_component_ref idref="oc-19f"/>
      </symbol>
      <symbol id="sm-742">
         <name>I2CMasterIntClearEx</name>
         <value>0xc0321f24</value>
         <object_component_ref idref="oc-19f"/>
      </symbol>
      <symbol id="sm-743">
         <name>I2CMasterSlaveAddrSet</name>
         <value>0xc0321f50</value>
         <object_component_ref idref="oc-19f"/>
      </symbol>
      <symbol id="sm-744">
         <name>I2CMasterDataGet</name>
         <value>0xc0322080</value>
         <object_component_ref idref="oc-19f"/>
      </symbol>
      <symbol id="sm-745">
         <name>I2CSlaveIntStatus</name>
         <value>0xc0321ee8</value>
         <object_component_ref idref="oc-19f"/>
      </symbol>
      <symbol id="sm-746">
         <name>I2CSlaveDataPut</name>
         <value>0xc0322098</value>
         <object_component_ref idref="oc-19f"/>
      </symbol>
      <symbol id="sm-747">
         <name>I2CMasterIntEnableEx</name>
         <value>0xc0321e38</value>
         <object_component_ref idref="oc-19f"/>
      </symbol>
      <symbol id="sm-748">
         <name>I2CMasterErr</name>
         <value>0xc0322030</value>
         <object_component_ref idref="oc-19f"/>
      </symbol>
      <symbol id="sm-749">
         <name>I2CMasterStart</name>
         <value>0xc0321fd8</value>
         <object_component_ref idref="oc-19f"/>
      </symbol>
      <symbol id="sm-74a">
         <name>I2CMasterStop</name>
         <value>0xc0321ff8</value>
         <object_component_ref idref="oc-19f"/>
      </symbol>
      <symbol id="sm-74b">
         <name>I2CMasterControl</name>
         <value>0xc0321fb0</value>
         <object_component_ref idref="oc-19f"/>
      </symbol>
      <symbol id="sm-74c">
         <name>I2CDMATxRxEventDisable</name>
         <value>0xc0322140</value>
         <object_component_ref idref="oc-19f"/>
      </symbol>
      <symbol id="sm-74d">
         <name>I2CSlaveIntStatusEx</name>
         <value>0xc0321f04</value>
         <object_component_ref idref="oc-19f"/>
      </symbol>
      <symbol id="sm-74e">
         <name>I2CInterruptVectorGet</name>
         <value>0xc0322108</value>
         <object_component_ref idref="oc-19f"/>
      </symbol>
      <symbol id="sm-74f">
         <name>I2CMasterEnable</name>
         <value>0xc0321de0</value>
         <object_component_ref idref="oc-19f"/>
      </symbol>
      <symbol id="sm-750">
         <name>I2CStatusClear</name>
         <value>0xc0322018</value>
         <object_component_ref idref="oc-19f"/>
      </symbol>
      <symbol id="sm-751">
         <name>I2CMasterDisable</name>
         <value>0xc0321e18</value>
         <object_component_ref idref="oc-19f"/>
      </symbol>
      <symbol id="sm-75f">
         <name>VPIFPinMuxSetup</name>
         <value>0xc0323dc0</value>
         <object_component_ref idref="oc-d9"/>
      </symbol>
      <symbol id="sm-77e">
         <name>LCDVersionGet</name>
         <value>0xc032316c</value>
         <object_component_ref idref="oc-107"/>
      </symbol>
      <symbol id="sm-77f">
         <name>ConfigRasterGpioPins</name>
         <value>0xc0323034</value>
         <object_component_ref idref="oc-107"/>
      </symbol>
      <symbol id="sm-780">
         <name>LCDPinMuxSetup</name>
         <value>0xc0322f40</value>
         <object_component_ref idref="oc-107"/>
      </symbol>
      <symbol id="sm-781">
         <name>ConfigRasterDisplayEnable</name>
         <value>0xc0323088</value>
         <object_component_ref idref="oc-107"/>
      </symbol>
      <symbol id="sm-78c">
         <name>I2CPinMuxSetup</name>
         <value>0xc0324660</value>
         <object_component_ref idref="oc-c8"/>
      </symbol>
      <symbol id="sm-7fb">
         <name>IntEventCombineRegister</name>
         <value>0xc0320f98</value>
         <object_component_ref idref="oc-10e"/>
      </symbol>
      <symbol id="sm-7fc">
         <name>IntEventMap</name>
         <value>0xc0320cfc</value>
         <object_component_ref idref="oc-10e"/>
      </symbol>
      <symbol id="sm-7fd">
         <name>_c674x_mask_int9_isr</name>
         <value>0xc031c734</value>
         <object_component_ref idref="oc-2e"/>
      </symbol>
      <symbol id="sm-7fe">
         <name>IntUnRegister</name>
         <value>0xc0320cd4</value>
         <object_component_ref idref="oc-10e"/>
      </symbol>
      <symbol id="sm-7ff">
         <name>IntEnable</name>
         <value>0xc0320fc0</value>
         <object_component_ref idref="oc-10e"/>
      </symbol>
      <symbol id="sm-800">
         <name>_c674x_mask_int8_isr</name>
         <value>0xc031c574</value>
         <object_component_ref idref="oc-2e"/>
      </symbol>
      <symbol id="sm-801">
         <name>IntGlobalRestore</name>
         <value>0xc0321060</value>
         <object_component_ref idref="oc-10e"/>
      </symbol>
      <symbol id="sm-802">
         <name>_c674x_mask_int11_isr</name>
         <value>0xc031cab4</value>
         <object_component_ref idref="oc-2e"/>
      </symbol>
      <symbol id="sm-803">
         <name>IntGlobalEnable</name>
         <value>0xc0321038</value>
         <object_component_ref idref="oc-10e"/>
      </symbol>
      <symbol id="sm-804">
         <name>IntEventClear</name>
         <value>0xc0320db8</value>
         <object_component_ref idref="oc-10e"/>
      </symbol>
      <symbol id="sm-805">
         <name>_c674x_mask_int7_isr</name>
         <value>0xc031c3b4</value>
         <object_component_ref idref="oc-2e"/>
      </symbol>
      <symbol id="sm-806">
         <name>_c674x_mask_int10_isr</name>
         <value>0xc031c8f4</value>
         <object_component_ref idref="oc-2e"/>
      </symbol>
      <symbol id="sm-807">
         <name>_c674x_mask_int6_isr</name>
         <value>0xc031c1f4</value>
         <object_component_ref idref="oc-2e"/>
      </symbol>
      <symbol id="sm-808">
         <name>ExcCombineRemove</name>
         <value>0xc03210e0</value>
         <object_component_ref idref="oc-10e"/>
      </symbol>
      <symbol id="sm-809">
         <name>_c674x_mask_int13_isr</name>
         <value>0xc031ce34</value>
         <object_component_ref idref="oc-2e"/>
      </symbol>
      <symbol id="sm-80a">
         <name>IntDisable</name>
         <value>0xc0320ff0</value>
         <object_component_ref idref="oc-10e"/>
      </symbol>
      <symbol id="sm-80b">
         <name>IntRegister</name>
         <value>0xc0320cb0</value>
         <object_component_ref idref="oc-10e"/>
      </symbol>
      <symbol id="sm-80c">
         <name>ExcCombineAdd</name>
         <value>0xc0321098</value>
         <object_component_ref idref="oc-10e"/>
      </symbol>
      <symbol id="sm-80d">
         <name>IntGlobalDisable</name>
         <value>0xc032104c</value>
         <object_component_ref idref="oc-10e"/>
      </symbol>
      <symbol id="sm-80e">
         <name>_c674x_rsvd_int3_isr</name>
         <value>0xc031bcb4</value>
         <object_component_ref idref="oc-2e"/>
      </symbol>
      <symbol id="sm-80f">
         <name>_c674x_nmi_isr</name>
         <value>0xc031b940</value>
         <object_component_ref idref="oc-2e"/>
      </symbol>
      <symbol id="sm-810">
         <name>_c674x_mask_int5_isr</name>
         <value>0xc031c034</value>
         <object_component_ref idref="oc-2e"/>
      </symbol>
      <symbol id="sm-811">
         <name>_c674x_mask_int12_isr</name>
         <value>0xc031cc74</value>
         <object_component_ref idref="oc-2e"/>
      </symbol>
      <symbol id="sm-812">
         <name>ExcGlobalEnable</name>
         <value>0xc0321078</value>
         <object_component_ref idref="oc-10e"/>
      </symbol>
      <symbol id="sm-813">
         <name>_c674x_rsvd_int2_isr</name>
         <value>0xc031baf4</value>
         <object_component_ref idref="oc-2e"/>
      </symbol>
      <symbol id="sm-814">
         <name>_c674x_mask_int4_isr</name>
         <value>0xc031be74</value>
         <object_component_ref idref="oc-2e"/>
      </symbol>
      <symbol id="sm-815">
         <name>IntDSPINTCInit</name>
         <value>0xc0320c40</value>
         <object_component_ref idref="oc-10e"/>
      </symbol>
      <symbol id="sm-816">
         <name>IntEventCombineInit</name>
         <value>0xc0320df0</value>
         <object_component_ref idref="oc-10e"/>
      </symbol>
      <symbol id="sm-817">
         <name>_c674x_mask_int15_isr</name>
         <value>0xc031d1b4</value>
         <object_component_ref idref="oc-2e"/>
      </symbol>
      <symbol id="sm-818">
         <name>IntEventSet</name>
         <value>0xc0320d84</value>
         <object_component_ref idref="oc-10e"/>
      </symbol>
      <symbol id="sm-819">
         <name>IntEventCombineAdd</name>
         <value>0xc0320ef4</value>
         <object_component_ref idref="oc-10e"/>
      </symbol>
      <symbol id="sm-81a">
         <name>_c674x_mask_int14_isr</name>
         <value>0xc031cff4</value>
         <object_component_ref idref="oc-2e"/>
      </symbol>
      <symbol id="sm-81b">
         <name>IntEventCombineRemove</name>
         <value>0xc0320f48</value>
         <object_component_ref idref="oc-10e"/>
      </symbol>
      <symbol id="sm-81c">
         <name>IntReset</name>
         <value>0xc0321024</value>
         <object_component_ref idref="oc-10e"/>
      </symbol>
      <symbol id="sm-85d">
         <name>CacheEnableMAR</name>
         <value>0xc03228c8</value>
         <object_component_ref idref="oc-ba"/>
      </symbol>
      <symbol id="sm-85e">
         <name>CacheDisableMAR</name>
         <value>0xc0322960</value>
         <object_component_ref idref="oc-ba"/>
      </symbol>
      <symbol id="sm-85f">
         <name>CacheEnable</name>
         <value>0xc03227e8</value>
         <object_component_ref idref="oc-ba"/>
      </symbol>
      <symbol id="sm-860">
         <name>CacheInv</name>
         <value>0xc0322a14</value>
         <object_component_ref idref="oc-ba"/>
      </symbol>
      <symbol id="sm-861">
         <name>CacheWBAll</name>
         <value>0xc03229f8</value>
         <object_component_ref idref="oc-ba"/>
      </symbol>
      <symbol id="sm-862">
         <name>CacheWB</name>
         <value>0xc0322a30</value>
         <object_component_ref idref="oc-ba"/>
      </symbol>
      <symbol id="sm-863">
         <name>CacheWBInvAll</name>
         <value>0xc0322a08</value>
         <object_component_ref idref="oc-ba"/>
      </symbol>
      <symbol id="sm-864">
         <name>CacheWBInv</name>
         <value>0xc0322a4c</value>
         <object_component_ref idref="oc-ba"/>
      </symbol>
      <symbol id="sm-865">
         <name>CacheInvL1pAll</name>
         <value>0xc03229ec</value>
         <object_component_ref idref="oc-ba"/>
      </symbol>
      <symbol id="sm-86d">
         <name>_intcVectorTable</name>
         <value>0xc0323400</value>
         <object_component_ref idref="oc-18"/>
      </symbol>
      <symbol id="sm-875">
         <name>__c6xabi_divu</name>
         <value>0xc0323fa0</value>
         <object_component_ref idref="oc-1b1"/>
      </symbol>
      <symbol id="sm-876">
         <name>__divu</name>
         <value>0xc0323fa0</value>
         <object_component_ref idref="oc-1b1"/>
      </symbol>
      <symbol id="sm-890">
         <name>GPIOPinIntClear</name>
         <value>0xc0321bec</value>
         <object_component_ref idref="oc-1d7"/>
      </symbol>
      <symbol id="sm-891">
         <name>GPIODirModeGet</name>
         <value>0xc0321858</value>
         <object_component_ref idref="oc-1d7"/>
      </symbol>
      <symbol id="sm-892">
         <name>GPIOIntTypeSet</name>
         <value>0xc0321998</value>
         <object_component_ref idref="oc-1d7"/>
      </symbol>
      <symbol id="sm-893">
         <name>GPIOIntTypeGet</name>
         <value>0xc0321b04</value>
         <object_component_ref idref="oc-1d7"/>
      </symbol>
      <symbol id="sm-894">
         <name>GPIOPinRead</name>
         <value>0xc0321938</value>
         <object_component_ref idref="oc-1d7"/>
      </symbol>
      <symbol id="sm-895">
         <name>GPIODirModeSet</name>
         <value>0xc03217c0</value>
         <object_component_ref idref="oc-1d7"/>
      </symbol>
      <symbol id="sm-896">
         <name>GPIOBankPinsWrite</name>
         <value>0xc0321c90</value>
         <object_component_ref idref="oc-1d7"/>
      </symbol>
      <symbol id="sm-897">
         <name>GPIOPinWrite</name>
         <value>0xc03218b8</value>
         <object_component_ref idref="oc-1d7"/>
      </symbol>
      <symbol id="sm-898">
         <name>GPIOBankIntEnable</name>
         <value>0xc0321c34</value>
         <object_component_ref idref="oc-1d7"/>
      </symbol>
      <symbol id="sm-899">
         <name>GPIOBankIntDisable</name>
         <value>0xc0321c64</value>
         <object_component_ref idref="oc-1d7"/>
      </symbol>
      <symbol id="sm-89a">
         <name>GPIOPinIntStatus</name>
         <value>0xc0321b8c</value>
         <object_component_ref idref="oc-1d7"/>
      </symbol>
      <symbol id="sm-89b">
         <name>__TI_STATIC_BASE</name>
         <value>0xc0319b0c</value>
      </symbol>
      <symbol id="sm-89c">
         <name>__TI_args_main</name>
         <value>0x1</value>
      </symbol>
      <symbol id="sm-89d">
         <name>__TI_INITARRAY_Base</name>
         <value>0x0</value>
      </symbol>
      <symbol id="sm-89e">
         <name>__TI_INITARRAY_Limit</name>
         <value>0x0</value>
      </symbol>
      <symbol id="sm-89f">
         <name>__TI_TLS_INIT_Base</name>
         <value>0x0</value>
      </symbol>
      <symbol id="sm-8a0">
         <name>__TI_TLS_INIT_Limit</name>
         <value>0x0</value>
      </symbol>
   </symbol_table>
</link_info>
